// Jest Snapshot v1, https://jestjs.io/docs/snapshot-testing

exports[`ImportSchedule UI Rendering matches snapshot 1`] = `
<DocumentFragment>
  <div
    class="fixed inset-0 bg-black bg-opacity-50 flex items-center justify-center z-10"
  >
    <div
      class="bg-gray-800 p-6 rounded-lg shadow-lg w-full max-w-2xl"
    >
      <div
        class="flex justify-between items-center mb-4"
      >
        <h2
          class="text-xl font-semibold text-white"
        >
          Import Schedule
        </h2>
        <button
          class="text-gray-400 hover:text-white transition-colors"
        >
          <svg
            class="lucide lucide-x "
            fill="none"
            height="24"
            stroke="currentColor"
            stroke-linecap="round"
            stroke-linejoin="round"
            stroke-width="2"
            viewBox="0 0 24 24"
            width="24"
            xmlns="http://www.w3.org/2000/svg"
          >
            <path
              d="M18 6 6 18"
            />
            <path
              d="m6 6 12 12"
            />
          </svg>
        </button>
      </div>
      <div
        class="mb-4"
      >
        <label
          class="block text-gray-300 mb-2"
        >
          Paste schedule data (tab-separated):
        </label>
        <textarea
          class="w-full h-64 bg-gray-700 text-white border rounded p-2 font-mono border-gray-600"
          placeholder="06/28/2025	09:00 AM	Confirmed	TONYA LEWIS	04/03/1956	Office Visit	INSURANCE 2025	$0.00"
        />
      </div>
      <div
        class="flex justify-end space-x-3"
      >
        <button
          class="px-4 py-2 bg-gray-600 text-white rounded hover:bg-gray-500 transition-colors "
        >
          Cancel
        </button>
        <button
          class="px-4 py-2 text-white rounded transition-colors flex items-center gap-2 bg-blue-600 hover:bg-blue-500"
          disabled=""
        >
          Import Schedule
        </button>
      </div>
    </div>
  </div>
</DocumentFragment>
`;
